// Vitest Snapshot v1, https://vitest.dev/guide/snapshot.html

exports[`FilterToolbar > omite a ação de nova conversa e exibe aviso quando o fluxo manual está indisponível 1`] = `
<div>
  <div
    class="flex w-full flex-col gap-2 text-[color:var(--color-inbox-foreground)]"
  >
    <div
      class="flex flex-wrap items-center gap-2 sm:gap-3"
    >
      <div
        class="relative flex min-w-[200px] flex-1 items-center sm:max-w-md"
      >
        <svg
          aria-hidden="true"
          class="lucide lucide-search pointer-events-none absolute left-3 top-1/2 h-4 w-4 -translate-y-1/2 text-[color:var(--color-inbox-foreground-muted)]"
          fill="none"
          height="24"
          stroke="currentColor"
          stroke-linecap="round"
          stroke-linejoin="round"
          stroke-width="2"
          viewBox="0 0 24 24"
          width="24"
          xmlns="http://www.w3.org/2000/svg"
        >
          <path
            d="m21 21-4.34-4.34"
          />
          <circle
            cx="11"
            cy="11"
            r="8"
          />
        </svg>
        <input
          class="file:text-foreground selection:bg-primary selection:text-primary-foreground dark:bg-[color-mix(in_srgb,var(--input)_18%,transparent)] flex min-w-0 border px-3 py-1 shadow-[0_0_0_1px_color-mix(in_srgb,var(--border)_70%,transparent)] transition-[color,box-shadow,border-color] outline-none file:inline-flex file:h-7 file:border-0 file:bg-transparent file:text-sm file:font-medium disabled:pointer-events-none disabled:cursor-not-allowed disabled:opacity-50 md:text-sm focus-visible:border-transparent focus-visible:ring-2 focus-visible:ring-[color:color-mix(in_srgb,var(--ring)_75%,transparent)] focus-visible:ring-offset-2 focus-visible:ring-offset-[color:color-mix(in_srgb,var(--bg)_92%,transparent)] focus-visible:shadow-[0_0_0_1px_color-mix(in_srgb,var(--ring)_75%,transparent)] aria-invalid:ring-destructive/20 dark:aria-invalid:ring-destructive/40 aria-invalid:border-destructive h-9 w-full rounded-lg border-[color:var(--color-inbox-border)] bg-[color:var(--surface-overlay-inbox-bold)] pl-9 text-sm text-[color:var(--color-inbox-foreground)] placeholder:text-[color:var(--color-inbox-foreground-muted)]"
          data-slot="input"
          placeholder="Buscar tickets, contatos..."
          value=""
        />
      </div>
      <button
        aria-controls="radix-_r_0_"
        aria-expanded="false"
        aria-haspopup="dialog"
        class="inline-flex items-center justify-center whitespace-nowrap transition-all disabled:pointer-events-none disabled:opacity-60 [&_svg]:pointer-events-none [&_svg:not([class*='size-'])]:size-4 shrink-0 [&_svg]:shrink-0 outline-none focus-visible:outline-none focus-visible:ring-2 focus-visible:ring-[color:color-mix(in_srgb,var(--ring)_75%,transparent)] focus-visible:ring-offset-2 focus-visible:ring-offset-[color:color-mix(in_srgb,var(--bg)_92%,transparent)] border shadow-[0_0_0_1px_color-mix(in_srgb,var(--border)_55%,transparent)] min-h-[38px] gap-1.5 has-[>svg]:px-2.5 h-9 rounded-lg border-[color:var(--color-inbox-border)] bg-[color:var(--surface-overlay-inbox-bold)] px-3 text-xs font-medium text-[color:var(--color-inbox-foreground)] hover:bg-[color:color-mix(in_srgb,var(--surface-overlay-inbox-bold)_92%,transparent)]"
        data-slot="popover-trigger"
        data-state="closed"
        type="button"
      >
        <svg
          aria-hidden="true"
          class="lucide lucide-funnel h-4 w-4"
          fill="none"
          height="24"
          stroke="currentColor"
          stroke-linecap="round"
          stroke-linejoin="round"
          stroke-width="2"
          viewBox="0 0 24 24"
          width="24"
          xmlns="http://www.w3.org/2000/svg"
        >
          <path
            d="M10 20a1 1 0 0 0 .553.895l2 1A1 1 0 0 0 14 21v-7a2 2 0 0 1 .517-1.341L21.74 4.67A1 1 0 0 0 21 3H3a1 1 0 0 0-.742 1.67l7.225 7.989A2 2 0 0 1 10 14z"
          />
        </svg>
        <span
          class="ml-2 hidden sm:inline"
        >
          Filtros
        </span>
      </button>
      <button
        class="inline-flex items-center justify-center whitespace-nowrap transition-all disabled:pointer-events-none disabled:opacity-60 [&_svg]:pointer-events-none [&_svg:not([class*='size-'])]:size-4 shrink-0 [&_svg]:shrink-0 outline-none focus-visible:outline-none focus-visible:ring-2 focus-visible:ring-[color:color-mix(in_srgb,var(--ring)_75%,transparent)] focus-visible:ring-offset-2 focus-visible:ring-offset-[color:color-mix(in_srgb,var(--bg)_92%,transparent)] border shadow-[0_0_0_1px_color-mix(in_srgb,var(--border)_55%,transparent)] min-h-[38px] gap-1.5 has-[>svg]:px-2.5 h-9 rounded-lg border-[color:var(--color-inbox-border)] bg-[color:var(--surface-overlay-inbox-bold)] px-3 text-xs font-medium text-[color:var(--color-inbox-foreground)] hover:bg-[color:color-mix(in_srgb,var(--surface-overlay-inbox-bold)_92%,transparent)]"
        data-slot="button"
      >
        <svg
          aria-hidden="true"
          class="lucide lucide-refresh-cw h-4 w-4"
          fill="none"
          height="24"
          stroke="currentColor"
          stroke-linecap="round"
          stroke-linejoin="round"
          stroke-width="2"
          viewBox="0 0 24 24"
          width="24"
          xmlns="http://www.w3.org/2000/svg"
        >
          <path
            d="M3 12a9 9 0 0 1 9-9 9.75 9.75 0 0 1 6.74 2.74L21 8"
          />
          <path
            d="M21 3v5h-5"
          />
          <path
            d="M21 12a9 9 0 0 1-9 9 9.75 9.75 0 0 1-6.74-2.74L3 16"
          />
          <path
            d="M8 16H3v5"
          />
        </svg>
        <span
          class="ml-2 hidden sm:inline"
        >
          Atualizar
        </span>
      </button>
    </div>
    <div
      class="flex items-start gap-3 rounded-lg border border-dashed border-[color:var(--color-inbox-border)] bg-[color:color-mix(in_srgb,var(--surface-overlay-inbox-bold)_80%,transparent)] px-4 py-3 text-xs text-[color:var(--color-inbox-foreground)]"
    >
      <svg
        aria-hidden="true"
        class="lucide lucide-triangle-alert mt-0.5 h-4 w-4 flex-none text-[color:var(--accent-inbox-primary)]"
        fill="none"
        height="24"
        stroke="currentColor"
        stroke-linecap="round"
        stroke-linejoin="round"
        stroke-width="2"
        viewBox="0 0 24 24"
        width="24"
        xmlns="http://www.w3.org/2000/svg"
      >
        <path
          d="m21.73 18-8-14a2 2 0 0 0-3.48 0l-8 14A2 2 0 0 0 4 21h16a2 2 0 0 0 1.73-3"
        />
        <path
          d="M12 9v4"
        />
        <path
          d="M12 17h.01"
        />
      </svg>
      <div
        class="flex-1 leading-relaxed text-[color:var(--color-inbox-foreground-muted)]"
      >
        O fluxo manual de novas conversas foi aposentado. Utilize o canal oficial de abertura de tickets.
      </div>
    </div>
  </div>
</div>
`;
